'Erdos524.InverseCovarianceOrder.inverse_antitone' depends on axioms: [propext, Classical.choice, Quot.sound]
'Erdos524.GaussianDilationDensity.multivariate_gaussian_dilation_lower' depends on axioms: [propext,
 Classical.choice,
 Quot.sound]
'Erdos524.GaussianSampleProduct.regression_product_law' depends on axioms: [propext, Classical.choice, Quot.sound]
'Erdos524.GaussianSampleProduct.residual_samples_ae_zero' depends on axioms: [propext, Classical.choice, Quot.sound]
'Erdos524.GaussianSampleDilation.finite_cube_dilation' depends on axioms: [propext, Classical.choice, Quot.sound]
'Erdos524.FiniteSmallBallDilation.finiteSmallBall_dilation' depends on axioms: [propext, Classical.choice, Quot.sound]
'Erdos524.DilationMesh.sample_box_energy' depends on axioms: [propext, Classical.choice, Quot.sound]
'Erdos524.SmallBallLogDilation.eventually_log_dilation' depends on axioms: [propext, Classical.choice, Quot.sound]
'Erdos524.SmallBallLogDilation.eventually_probability_dilation' depends on axioms: [propext,
 Classical.choice,
 Quot.sound]
'Erdos524.InverseSmallBallMargins.eventually_inverse_cubic_bounds' depends on axioms: [propext,
 Classical.choice,
 Quot.sound]
'Erdos524.InverseSmallBallMargins.eventually_inverse_probability_margins' depends on axioms: [propext,
 Classical.choice,
 Quot.sound]
'Erdos524.InverseSmallBallMargins.eventually_inverse_sqrt_margins' depends on axioms: [propext,
 Classical.choice,
 Quot.sound]
